%!Adobe-FontList 1.14
%Locale:0x412

%BeginFont
Handler:DirectoryHandler
FontType:Invalid
OutlineFileName:C:\Users\이상준\Desktop\이상지\포트폴리오\Font\Jost.zip
FileModTime:1611285968
%EndFont

%BeginFont
Handler:DirectoryHandler
FontType:Invalid
OutlineFileName:C:\Users\이상준\Desktop\이상지\포트폴리오\Font\NanumBarunGothic\NanumBarunGothicB.eot
FileModTime:1607485288
%EndFont

%BeginFont
Handler:DirectoryHandler
FontType:TrueType
FontName:NanumBarunGothicBold
FamilyName:NanumBarunGothic
StyleName:Bold
FullName:NanumBarunGothic Bold
MenuName:NanumBarunGothic
StyleBits:2
FamilyNameNative:
StyleNameNative:Bold
FullNameNative:
WritingScript:Korean
OutlineFileName:C:\Users\이상준\Desktop\이상지\포트폴리오\Font\NanumBarunGothic\NanumBarunGothicB.ttf
DataFormat:sfntData
FileLength:5818980
FileModTime:1607485288
WeightClass:600
WidthClass:5
AngleClass:0
%EndFont

%BeginFont
Handler:DirectoryHandler
FontType:Invalid
OutlineFileName:C:\Users\이상준\Desktop\이상지\포트폴리오\Font\NanumBarunGothic\NanumBarunGothicB.woff
FileModTime:1607485288
%EndFont

%BeginFont
Handler:DirectoryHandler
FontType:Invalid
OutlineFileName:C:\Users\이상준\Desktop\이상지\포트폴리오\Font\NanumBarunGothic\NanumBarunGothicB.woff2
FileModTime:1607485288
%EndFont

%BeginFont
Handler:DirectoryHandler
FontType:Invalid
OutlineFileName:C:\Users\이상준\Desktop\이상지\포트폴리오\Font\NanumBarunGothic\NanumBarunGothicL.eot
FileModTime:1607485288
%EndFont

%BeginFont
Handler:DirectoryHandler
FontType:TrueType
FontName:NanumBarunGothicLight
FamilyName:NanumBarunGothic
StyleName:Light
FullName:NanumBarunGothic Light
MenuName:NanumBarunGothic Light
StyleBits:0
FamilyNameNative:
StyleNameNative:Light
FullNameNative:
WritingScript:Korean
OutlineFileName:C:\Users\이상준\Desktop\이상지\포트폴리오\Font\NanumBarunGothic\NanumBarunGothicL.ttf
DataFormat:sfntData
FileLength:6351120
FileModTime:1607485288
WeightClass:300
WidthClass:5
AngleClass:0
%EndFont

%BeginFont
Handler:DirectoryHandler
FontType:Invalid
OutlineFileName:C:\Users\이상준\Desktop\이상지\포트폴리오\Font\NanumBarunGothic\NanumBarunGothicL.woff
FileModTime:1607485288
%EndFont

%BeginFont
Handler:DirectoryHandler
FontType:Invalid
OutlineFileName:C:\Users\이상준\Desktop\이상지\포트폴리오\Font\NanumBarunGothic\NanumBarunGothicL.woff2
FileModTime:1607485288
%EndFont

%BeginFont
Handler:DirectoryHandler
FontType:Invalid
OutlineFileName:C:\Users\이상준\Desktop\이상지\포트폴리오\Font\NanumBarunGothic\NanumBarunGothicR.eot
FileModTime:1607485288
%EndFont

%BeginFont
Handler:DirectoryHandler
FontType:TrueType
FontName:NanumBarunGothic
FamilyName:NanumBarunGothic
StyleName:Regular
FullName:NanumBarunGothic
MenuName:NanumBarunGothic
StyleBits:0
FamilyNameNative:
StyleNameNative:Regular
FullNameNative:
WritingScript:Korean
OutlineFileName:C:\Users\이상준\Desktop\이상지\포트폴리오\Font\NanumBarunGothic\NanumBarunGothicR.ttf
DataFormat:sfntData
FileLength:5599056
FileModTime:1607485288
WeightClass:400
WidthClass:5
AngleClass:0
%EndFont

%BeginFont
Handler:DirectoryHandler
FontType:Invalid
OutlineFileName:C:\Users\이상준\Desktop\이상지\포트폴리오\Font\NanumBarunGothic\NanumBarunGothicR.woff
FileModTime:1607485288
%EndFont

%BeginFont
Handler:DirectoryHandler
FontType:Invalid
OutlineFileName:C:\Users\이상준\Desktop\이상지\포트폴리오\Font\NanumBarunGothic\NanumBarunGothicR.woff2
FileModTime:1607485288
%EndFont

%BeginFont
Handler:DirectoryHandler
FontType:Invalid
OutlineFileName:C:\Users\이상준\Desktop\이상지\포트폴리오\Font\NanumBarunGothic\NanumBarunGothicUL.eot
FileModTime:1607485288
%EndFont

%BeginFont
Handler:DirectoryHandler
FontType:TrueType
FontName:NanumBarunGothicUltraLight
FamilyName:NanumBarunGothic
StyleName:UltraLight
FullName:NanumBarunGothic UltraLight
MenuName:NanumBarunGothic UltraLight
StyleBits:0
FamilyNameNative:
StyleNameNative:UltraLight
FullNameNative:
WritingScript:Korean
OutlineFileName:C:\Users\이상준\Desktop\이상지\포트폴리오\Font\NanumBarunGothic\NanumBarunGothicUL.ttf
DataFormat:sfntData
FileLength:6271836
FileModTime:1607485288
WeightClass:300
WidthClass:5
AngleClass:0
%EndFont

%BeginFont
Handler:DirectoryHandler
FontType:Invalid
OutlineFileName:C:\Users\이상준\Desktop\이상지\포트폴리오\Font\NanumBarunGothic\NanumBarunGothicUL.woff
FileModTime:1607485288
%EndFont

%BeginFont
Handler:DirectoryHandler
FontType:Invalid
OutlineFileName:C:\Users\이상준\Desktop\이상지\포트폴리오\Font\NanumBarunGothic\NanumBarunGothicUL.woff2
FileModTime:1607485288
%EndFont

